// Jest Snapshot v1, https://goo.gl/fbAQLP

exports[`genesis block given the application has not been initialized when chain module is bootstrapped should have correct validator list 1`] = `
[
  "klyzbfnydosaoobnohtwxaf6ukw6uux7kjw4n9x9z",
  "klyz3efmer9ue4m79zdfysmkc2juywap4sq3x4x8v",
  "klyzjaf6dqn2erfyhaeykkx93gfhyduydrt7jfcmj",
  "klyxbfbn25928s6o93kcvn57fk8wkav77za8boa8n",
  "klyxasqfwd7ufdcneq3xampjbcjhdv8c33c8da9st",
  "klyvw8rzzk7avbn3yeccgxnxdkzntrdafa8njx486",
  "klypaycyn8vfoz2624tv4drtf528vcr25yarhkj27",
  "klymncre4ugrobe8c5d9seg7fxavb9qhh85tru872",
  "klym9syv4wrjcjczpegz65zqxhk2cp9dkejs5wbjb",
  "kly3nck2ss265ewz83an7sm8sxeprj8gb8jpwghh6",
  "kly4vzmwoj9u2ux3rbb3ooc562bufd54c4g53c9pa",
  "kly4m2j556votnsw4pp3razmekra9j7k3h53g892e",
  "kly4ndymyurug4tjd7by4c2data8ugu8z9htz4pgk",
  "kly49yq7wmrdj5g4qwfqkhh8dfajm6e5jy6kpcw7s",
  "kly6x5ho6afapgz3m9dsjkta69pypcpnjfhgvf57g",
  "kly62zyuwd54u7j66e5j5nsb7se4o9xrrq2y3fad4",
  "kly5z2xn8uo2nocv2ambo6th95gjaanm23wcdx67k",
  "kly5ccg4kk4p4gudyoyo8d853yzb6fosvtgvn2bfq",
  "kly58bg7aw324f9vcuxzvccp2w9g5j3rgjtxdrsoe",
  "kly9jbaupyvhrjqgqgmw5txwe9oebrfrn3w9utamt",
  "kly9guc8mhbojn9sku37rc9cj4x9qjqx37kb7rofa",
  "kly7kstn55oz7v5w6526w2m3w667kzmwkyu3heou5",
  "klyu8cgpnxahzpm2dsomh8cbmpak8ndohdy7zyarm",
  "klyu8gq5pzxkmjjsvmybbqogoss758hzrwyt5e2ha",
  "klyyzpc2mo744vxv64zvjwzxu3v8zrgkpfdxjfnwt",
  "klyy9xy9pje4mhwm2pece6m2nqka5b7wh6t3pd6nk",
  "klyr6n7zz8nu4s3x3srjagwg6x9s93gwdrtthdfdc",
  "klyr5m8s55pesnwt3xa7h95bseno57ss8jd9xhjhz",
  "klyrdbaq6dvmxqapr9y9tooxeupjcxfdfbxjmsaxh",
  "klykxybysk3zzvn8cfoyezjj4aerqezowjy3kmduj",
  "klyk56ykf5a2eu3bbergzfjkxnk2tsec74ao7a7ce",
  "klyka2o6t77y275ydsrrhf4nwy74a9ja9au93r3db",
  "klyemoeqpxmrcog9fakup7vfbpdd5hzgpvqb37uuf",
  "klywdebjq43kqxryvkdgrs5xncoeq98kztgz24mq9",
  "kly2o6apwx97jj8brbvtubw3zuusmzbhbphdewywg",
  "kly29kv8aaazygokvjhsgebdkqq7qdeq6nek64nhj",
  "klyab6r8u2gdgcexuuo9pvrh8omfq5rj24huhsb3h",
  "klyajfx3yrnqo7nz29dfq7cdexwnhsygtuh9sxzxq",
  "klydn4r84twy6gghbp3wmv3h2y2k434duxb48smtu",
  "klyd2e7stmpavszb2vanfpty38xckb8sdtxq3ydks",
  "klyswkz494fvn9ox26tarxjqtn9krhy8woqh9zsd7",
  "klysh2u2myvhrhap6rem2qrn4xvjhfmf72uc8te55",
  "klyjzazttbq7e9h4fut39tqt9a6o3mohcgvc7xaqt",
  "klyhkv238kpyh3megyu3597jzgydsbgsp9pyz67wr",
  "klyfzmz5q5ohus66p3qrhwbo66662g6v67xszupb6",
  "klyfneqvpykn69d4t3u3dshvhfrfhqubfssu53xo8",
  "klyf9fjmrn5jov3vedtwqz4twqjdz55w6nr94vabd",
  "klyf25agk9xp2wg655x2doxr4t3buf4chy3ya2qnm",
  "klygt56uxf6dg9rsjvucuga5hxumqqazgw8wugv3s",
  "klygd8uwxw4og6fteefvwnsgvevnheqs2up4paqko",
  "klygf35ftsjy7m92wx8rwfz8p6z2h7em7ah8aj375",
]
`;
