// Jest Snapshot v1, https://goo.gl/fbAQLP

exports[`Send PoM transaction should create pom transaction for given block headers 1`] = `"0a03706f7312117265706f72744d69736265686176696f7218002080c2d72f2a2031048f87ca35a00a553633dd03c788d4b82ea9caf6ccc36315cf8e595f3e7a8332b6040a980208021064186422203d1b5dd1ef4ff7b22359598ebdf58966a51adcc03e02ad356632743e658989902a1440ff452fae2affe6eeef3c30e53e9eac35a1bc4332203d1b5dd1ef4ff7b22359598ebdf58966a51adcc03e02ad356632743e658989903a203d1b5dd1ef4ff7b22359598ebdf58966a51adcc03e02ad356632743e6589899042203d1b5dd1ef4ff7b22359598ebdf58966a51adcc03e02ad356632743e658989904a203d1b5dd1ef4ff7b22359598ebdf58966a51adcc03e02ad356632743e658989905020580060006a203d1b5dd1ef4ff7b22359598ebdf58966a51adcc03e02ad356632743e658989907206080012001a007a203d1b5dd1ef4ff7b22359598ebdf58966a51adcc03e02ad356632743e6589899012980208021064186422203d1b5dd1ef4ff7b22359598ebdf58966a51adcc03e02ad356632743e658989902a1440ff452fae2affe6eeef3c30e53e9eac35a1bc4332203d1b5dd1ef4ff7b22359598ebdf58966a51adcc03e02ad356632743e658989903a203d1b5dd1ef4ff7b22359598ebdf58966a51adcc03e02ad356632743e6589899042203d1b5dd1ef4ff7b22359598ebdf58966a51adcc03e02ad356632743e658989904a203d1b5dd1ef4ff7b22359598ebdf58966a51adcc03e02ad356632743e658989905032580060006a203d1b5dd1ef4ff7b22359598ebdf58966a51adcc03e02ad356632743e658989907206080012001a007a203d1b5dd1ef4ff7b22359598ebdf58966a51adcc03e02ad356632743e658989903a400e9aa6f63d127e44a36c5a45bc09a4484693fe7e0f4af7bae8069e2f7b1c839d6c102ebf2adfb9e2dca70d008b5d9b26b698a05dc5534eedd952c2368de45602"`;
